test1 - 1 : 3.0
test1 - 2 : -0.4161468365471
test1 - 3 : -0.4161468365471
test1 - 4 : 1.0
test1 - 5 : 1.0
test1 - 6 : 1.0
test1 - 7 : 1.0
test1 - 8 : 1.0
test1 - 9 : 1.0
