test - 1 0.88598
test - 2 0.08556
orig=10.0
copy=100.0
cos(90)=0.0
cos(45)=0.7071067811867
cos(pi)=-1.0
sqrt(8)=2.828427124746 false
sqrt(0)=0.0 false
sqrt(-5)=2.2360679775 true
log(98765)=4.994603068071 false
ln(98765)=11.50049856996 false
pow(2.5)=316.2277660168 false
one = 1.0
fbd (123.456) = 3
fbd (123.456) = 2
fbd (123.456) = 1
fbd (123.456) = 1
sexp (9.76) = 0
sexp (9.76) = 0
sexp (69.76) = 0
sexp (69.76) = 1
sexp (169.76) = 0
sexp (169.76) = 2
sexp (8169.76) = 3
sexp (8169.76) = 3
nDigits (1) = 123.4
nDigits (3) = 123.456
123.456789 rem 23 = 8.456789
f0: 8
f1: 8.5
f2: 8.46
f3: 8.457
f4: 8.4568
f5: 8.45679
f6: 8.456789
f7: 8.4567890
f0: -7
f1: -7.0
f2: -6.99
f3: -6.988
f4: -6.9877
f5: -6.98765
f6: -6.987654
f7: -6.9876540
>1.10000000
>12.12000000
>123.12300000
>1234.12340000
>12345.12345000
>123456.12345600
